org.acm.seguin.ant
org.acm.seguin.awt
org.acm.seguin.findbugs
org.acm.seguin.ide.cafe
org.acm.seguin.ide.command
org.acm.seguin.ide.common.action
org.acm.seguin.ide.common
org.acm.seguin.ide.common.options
org.acm.seguin.ide.elixir
org.acm.seguin.ide.elixir.version
org.acm.seguin.ide.jbuilder
org.acm.seguin.ide.jbuilder.refactor
org.acm.seguin.ide.jdeveloper
org.acm.seguin.ide.jedit.action
org.acm.seguin.ide.jedit
org.acm.seguin.ide.jedit.event
org.acm.seguin.ide.kawa
org.acm.seguin.ide.netbeans
org.acm.seguin.ide.standalone
org.acm.seguin.io
org.acm.seguin
org.acm.seguin.metrics
org.acm.seguin.parser.ast
org.acm.seguin.parser.build
org.acm.seguin.parser
org.acm.seguin.parser.factory
org.acm.seguin.parser.io
org.acm.seguin.parser.query
org.acm.seguin.pmd
org.acm.seguin.pmd.ant
org.acm.seguin.pmd.cpd
org.acm.seguin.pmd.cpd.cppast
org.acm.seguin.pmd.jaxen
org.acm.seguin.pmd.renderers
org.acm.seguin.pmd.rules
org.acm.seguin.pmd.rules.design
org.acm.seguin.pmd.rules.junit
org.acm.seguin.pmd.rules.strictexception
org.acm.seguin.pmd.stat
org.acm.seguin.pmd.swingui
org.acm.seguin.pmd.swingui.event
org.acm.seguin.pmd.symboltable
org.acm.seguin.pmd.util
org.acm.seguin.pretty.ai
org.acm.seguin.pretty
org.acm.seguin.pretty.line
org.acm.seguin.pretty.sort
org.acm.seguin.print
org.acm.seguin.print.text
org.acm.seguin.print.xml
org.acm.seguin.project
org.acm.seguin.refactor
org.acm.seguin.refactor.field
org.acm.seguin.refactor.method
org.acm.seguin.refactor.type
org.acm.seguin.refactor.undo
org.acm.seguin.summary
org.acm.seguin.summary.load
org.acm.seguin.summary.query
org.acm.seguin.tools.build
org.acm.seguin.tools.builder
org.acm.seguin.tools.install
org.acm.seguin.tools.international
org.acm.seguin.tools
org.acm.seguin.tools.stub
org.acm.seguin.uml
org.acm.seguin.uml.jpg
org.acm.seguin.uml.line
org.acm.seguin.uml.loader
org.acm.seguin.uml.print
org.acm.seguin.uml.refactor
org.acm.seguin.util
org.acm.seguin.version
org.apache.tools.ant.taskdefs.optional.javastyle

